// Jest Snapshot v1, https://goo.gl/fbAQLP

exports[`Testing ResultArticleComponent.vue Create a snapshot 1`] = `
<div class="c-numbers__wrapper">
  <div class="c-panel">
    <!---->
    <!---->
    <!---->
  </div>
</div>
`;
