// Jest Snapshot v1, https://goo.gl/fbAQLP

exports[`Testing NavigationComponent.vue Create a snapshot 1`] = `
<nav class="c-nav">
  <ul class="c-nav__list">
    <li class="c-nav__item"><a href="#/" aria-current="page" class="c-nav__link c-nav__link--home router-link-exact-active router-link-active"> Home </a></li>
    <li class="c-nav__item"><a href="#/result" class="c-nav__link c-nav__link--result"> Lottery results </a></li>
    <li class="c-nav__item c-nav__item--switch"><img src="data:image/svg+xml;base64,PHN2ZyB3aWR0aD0iMTI4IiBoZWlnaHQ9IjEyOCIgc3R5bGU9ImVuYWJsZS1iYWNrZ3JvdW5kOm5ldyAwIDAgMTI4IDEyODsiIHhtbG5zPSJodHRwOi8vd3d3LnczLm9yZy8yMDAwL3N2ZyIgeG1sbnM6eGxpbms9Imh0dHA6Ly93d3cudzMub3JnLzE5OTkveGxpbmsiPgogIDxnPgogICAgPHBhdGggZD0iTTY0LDMwLjM0Yy0xOC41OSwwLTMzLjY2LDE1LjA3LTMzLjY2LDMzLjY1YzAsMTguNTksMTUuMDcsMzMuNjYsMzMuNjYsMzMuNjYgYzE4LjU5LDAsMzMuNjYtMTUuMDcsMzMuNjYtMzMuNjZDOTcuNjYsNDUuNDEsODIuNTksMzAuMzQsNjQsMzAuMzR6IiBzdHlsZT0iZmlsbDojRkNDMjFCOyIvPgogICAgPHBhdGggZD0iTTU2Ljc2LDI0LjIxTDU2Ljc2LDI0LjIxaDE0LjQ5YzAuNjcsMCwxLjI5LTAuMzMsMS42OC0wLjg4YzAuMzgtMC41NCwwLjQ3LTEuMjUsMC4yNC0xLjg4IEw2NS45MiwxLjgzYy0wLjMtMC44MS0xLjA2LTEuMzQtMS45Mi0xLjM0cy0xLjYyLDAuNTQtMS45MiwxLjM0bC03LjI1LDE5LjYzYy0wLjIzLDAuNjMtMC4xNCwxLjMzLDAuMjQsMS44OCBDNTUuNDYsMjMuODksNTYuMDksMjQuMjEsNTYuNzYsMjQuMjF6IiBzdHlsZT0iZmlsbDojRkNDMjFCOyIvPgogICAgPHBhdGggZD0iTTk3LjI2LDQwLjk5YzAuMzgsMC4zOSwwLjkxLDAuNiwxLjQ0LDAuNmMwLjEyLDAsMC4yNC0wLjAxLDAuMzYtMC4wM2MwLjY2LTAuMTIsMS4yMS0wLjU1LDEuNS0xLjE2IGw4Ljc2LTE5LjAxYzAuMzYtMC43OCwwLjE5LTEuNjktMC40MS0yLjNjLTAuNjEtMC42MS0xLjUzLTAuNzctMi4zMS0wLjQyTDg3LjYsMjcuNDRjLTAuNjEsMC4yOC0xLjA0LDAuODQtMS4xNiwxLjUgYy0wLjEyLDAuNjYsMC4xLDEuMzMsMC41NiwxLjgxTDk3LjI2LDQwLjk5eiIgc3R5bGU9ImZpbGw6I0ZDQzIxQjsiLz4KICAgIDxwYXRoIGQ9Ik0xMjYuMTgsNjIuMDhsLTE5LjY0LTcuMjRjLTAuNjMtMC4yMy0xLjMzLTAuMTQtMS44OCwwLjI0Yy0wLjU1LDAuMzgtMC44NywxLTAuODcsMS42N2wwLjAxLDE0LjQ5IGMwLDAuNjcsMC4zMywxLjMsMC44OCwxLjY4YzAuMzUsMC4yMywwLjc2LDAuMzYsMS4xNywwLjM2YzAuMjQsMCwwLjQ4LTAuMDQsMC43MS0wLjEzbDE5LjY0LTcuMjRjMC44LTAuMjksMS4zNC0xLjA2LDEuMzQtMS45MyBDMTI3LjUyLDYzLjE0LDEyNi45OSw2Mi4zOCwxMjYuMTgsNjIuMDh6IiBzdHlsZT0iZmlsbDojRkNDMjFCOyIvPgogICAgPHBhdGggZD0iTTEwMC41Niw4Ny42Yy0wLjI4LTAuNjEtMC44NC0xLjA0LTEuNS0xLjE2Yy0wLjY2LTAuMTEtMS4zNCwwLjEtMS44LDAuNTdMODcuMDEsOTcuMjYgYy0wLjQ3LDAuNDctMC42OSwxLjE1LTAuNTcsMS44MWMwLjEyLDAuNjUsMC41NSwxLjIyLDEuMTYsMS41bDE5LjAxLDguNzZjMC4yNywwLjEzLDAuNTYsMC4xOCwwLjg2LDAuMTggYzAuNTMsMCwxLjA1LTAuMjEsMS40NC0wLjZjMC42MS0wLjYxLDAuNzctMS41MiwwLjQxLTIuM0wxMDAuNTYsODcuNnoiIHN0eWxlPSJmaWxsOiNGQ0MyMUI7Ii8+CiAgICA8cGF0aCBkPSJNNzEuMjQsMTAzLjc4TDcxLjI0LDEwMy43OGwtMTQuNDksMC4wMWMtMC42NywwLTEuMjksMC4zMy0xLjY3LDAuODggYy0wLjM4LDAuNTUtMC40NywxLjI1LTAuMjUsMS44N2w3LjI1LDE5LjY0YzAuMywwLjgsMS4wNiwxLjM0LDEuOTIsMS4zNHMxLjYyLTAuNTQsMS45Mi0xLjM0bDcuMjUtMTkuNjQgYzAuMjMtMC42MywwLjE0LTEuMzMtMC4yNC0xLjg4QzcyLjU0LDEwNC4xMSw3MS45MiwxMDMuNzgsNzEuMjQsMTAzLjc4eiIgc3R5bGU9ImZpbGw6I0ZDQzIxQjsiLz4KICAgIDxwYXRoIGQ9Ik0zMC43NCw4Ny4wMWMtMC40Ny0wLjQ3LTEuMTQtMC42OC0xLjgtMC41N2MtMC42NiwwLjEyLTEuMjIsMC41NS0xLjUsMS4xNmwtOC43NiwxOS4wMSBjLTAuMzYsMC43OC0wLjE5LDEuNywwLjQyLDIuM2MwLjM5LDAuMzksMC45MSwwLjYsMS40NCwwLjZjMC4yOSwwLDAuNTgtMC4wNiwwLjg2LTAuMTlsMTkuMDEtOC43N2MwLjYxLTAuMjgsMS4wNC0wLjg0LDEuMTYtMS41IGMwLjEyLTAuNjYtMC4xLTEuMzMtMC41Ny0xLjhMMzAuNzQsODcuMDF6IiBzdHlsZT0iZmlsbDojRkNDMjFCOyIvPgogICAgPHBhdGggZD0iTTIyLjE3LDczLjI5YzAuNDEsMCwwLjgyLTAuMTMsMS4xNy0wLjM3YzAuNTUtMC4zOCwwLjg4LTEuMDEsMC44OC0xLjY4bC0wLjAxLTE0LjQ5IGMwLTAuNjctMC4zMy0xLjI5LTAuODgtMS42OGMtMC41NS0wLjM4LTEuMjUtMC40Ny0xLjg3LTAuMjRMMS44Miw2Mi4wOGMtMC44LDAuMjktMS4zNCwxLjA2LTEuMzQsMS45MmMwLDAuODUsMC41MywxLjYyLDEuMzQsMS45MiBsMTkuNjUsNy4yNEMyMS43LDczLjI1LDIxLjkzLDczLjI5LDIyLjE3LDczLjI5eiIgc3R5bGU9ImZpbGw6I0ZDQzIxQjsiLz4KICAgIDxwYXRoIGQ9Ik0yNy40NSw0MC40YzAuMjgsMC42MSwwLjg0LDEuMDQsMS41LDEuMTZjMC4xMiwwLjAyLDAuMjQsMC4wMywwLjM2LDAuMDNjMC41NCwwLDEuMDYtMC4yMSwxLjQ1LTAuNiBMNDEsMzAuNzRjMC40Ny0wLjQ4LDAuNjgtMS4xNSwwLjU2LTEuODFjLTAuMTItMC42NS0wLjU1LTEuMjEtMS4xNi0xLjQ5bC0xOS4wMi04Ljc2Yy0wLjc4LTAuMzYtMS42OS0wLjE5LTIuMywwLjQyIGMtMC42MSwwLjYxLTAuNzcsMS41Mi0wLjQxLDIuM0wyNy40NSw0MC40eiIgc3R5bGU9ImZpbGw6I0ZDQzIxQjsiLz4KICA8L2c+Cjwvc3ZnPg==" alt="Select your favorite theme" class="img-fluid"></li>
  </ul>
</nav>
`;
